<?xml version="1.0" encoding="utf-8"?><testsuites name="pytest tests"><testsuite name="pytest" errors="0" failures="0" skipped="0" tests="1" time="6.172" timestamp="2025-06-16T10:31:26.414347+01:00" hostname="DESKTOP-JGAKI22"><testcase classname="test_soap_client" name="test_number_to_words" time="5.282" /></testsuite></testsuites>